// Jest Snapshot v1, https://goo.gl/fbAQLP

exports[`Layout render a div 1`] = `<div />`;
